Microchip MPLAB XC8 Compiler V2.32

Linker command line:

-W-3 --edf=C:\Program Files\Microchip\xc8\v2.32\pic\dat\en_msgs.txt -cn \
  -h+dist/default/production\Projeto_Final.X.production.sym \
  --cmf=dist/default/production\Projeto_Final.X.production.cmf -z -Q18F4520 \
  -oC:\Users\TUDODE~1\AppData\Local\Temp\xcAsgmg.4 --defsym=__MPLAB_BUILD=1 \
  -Mdist/default/production/Projeto_Final.X.production.map -E1 \
  -ver=XC8 Compiler --acfsm=1493 -ASTACK=0FDh-05FFh -pstack=STACK \
  -ACODE=00h-07FFFh -ACONST=00h-07FFFh -ASMALLCONST=0600h-06FFhx122 \
  -AMEDIUMCONST=0600h-07FFFh -ACOMRAM=01h-07Fh -AABS1=00h-05FFh \
  -ABIGRAM=01h-05FFh -ARAM=080h-0FFh,0100h-01FFhx5 -ABANK0=080h-0FFh \
  -ABANK1=0100h-01FFh -ABANK2=0200h-02FFh -ABANK3=0300h-03FFh \
  -ABANK4=0400h-04FFh -ABANK5=0500h-05FFh -ASFR=0F80h-0FFFh \
  -ACONFIG=0300000h-030000Dh -AIDLOC=0200000h-0200007h \
  -AEEDATA=0F00000h-0F000FFh -peeprom_data=EEDATA \
  -preset_vec=00h,intcode,intcodelo,powerup,init -pramtop=0600h \
  -psmallconst=SMALLCONST -pmediumconst=MEDIUMCONST -pconst=CONST \
  -AFARRAM=00h-00h \
  -prdata=COMRAM,nvrram=COMRAM,nvbit=COMRAM,rbss=COMRAM,rbit=COMRAM \
  -pfarbss=FARRAM,fardata=FARRAM,nvFARRAM=FARRAM \
  -pintsave_regs=BIGRAM,bigbss=BIGRAM,bigdata=BIGRAM -pbss=RAM \
  -pidata=CODE,irdata=CODE,ibigdata=CODE,ifardata=CODE -prparam=COMRAM \
  C:\Users\TUDODE~1\AppData\Local\Temp\xcAsgmg.o \
  dist/default/production\Projeto_Final.X.production.o 

Object code version is 3.11

Machine type is 18F4520



                Name                               Link     Load   Length Selector   Space Scale
C:\Users\TUDODE~1\AppData\Local\Temp\xcAsgmg.o
                idloc                            200000   200000        8        0       5
                config                           300000   300000        E        0       4
                init                                  0        0        4        0       0
dist/default/production\Projeto_Final.X.production.o
                idloc                            200000   200000        8        0       5
                config                           300000   300000        E        0       4
                smallconst                          600      600       12      300       0
                text33                             18D6     18D6       C4      309       0
                text32                             1A4A     1A4A       B0      309       0
                text31                              612      612      4C0      309       0
                text30                             17D2     17D2      104      309       0
                text29                             2110     2110       26      E4A       0
                text28                             1EB8     1EB8       58      E4A       0
                text27                              D20      D20      24E      309       0
                text26                             144E     144E      150      309       0
                text25                              F6E      F6E      1D8      309       0
                text24                             216C     216C       18      E4A       0
                text23                             2136     2136       1C      E4A       0
                text22                             1B98     1B98       7E      309       0
                text21                             1FBC     1FBC       54      E4A       0
                text20                             2010     2010       50      E4A       0
                text19                             20BC     20BC       2E      E4A       0
                text18                             1DEC     1DEC       6C      E4A       0
                text17                             199A     199A       B0      309       0
                text16                             12D4     12D4      17A      309       0
                text15                             21A2     21A2        A     10CC       0
                text14                             2198     2198        A     10CC       0
                text13                              AD2      AD2      24E      309       0
                text12                             1C94     1C94       78      E4A       0
                text11                             159E     159E      128      309       0
                text10                             208E     208E       2E      E4A       0
                text9                              16C6     16C6      10C      309       0
                text8                              20EA     20EA       26      E4A       0
                text7                              1D0C     1D0C       74      E4A       0
                text6                              1D80     1D80       6C      E4A       0
                text5                              2060     2060       2E      E4A       0
                text4                              1AFA     1AFA       9E      309       0
                text3                              2152     2152       1A      E4A       0
                text2                              1F66     1F66       56      E4A       0
                text1                              1E58     1E58       60      E4A       0
                text0                              1146     1146      18E      309       0
                cstackCOMRAM                          1        1       58        1       1
                dataBANK0                            80       80       7D       80       1
                dataCOMRAM                           59       59       13        1       1
                bssCOMRAM                            6C       6C        D        1       1
                cinit                              1F10     1F10       56      E4A       0
                idataBANK0                         1C16     1C16       7D      309       0
                idataCOMRAM                        2184     2184       13      E4A       0

TOTAL           Name                               Link     Load   Length     Space
        CLASS   STACK          

        CLASS   CODE           
                init                                  0        0        4         0
                text33                             18D6     18D6       C4         0
                text32                             1A4A     1A4A       B0         0
                text31                              612      612      4C0         0
                text30                             17D2     17D2      104         0
                text29                             2110     2110       26         0
                text28                             1EB8     1EB8       58         0
                text27                              D20      D20      24E         0
                text26                             144E     144E      150         0
                text25                              F6E      F6E      1D8         0
                text24                             216C     216C       18         0
                text23                             2136     2136       1C         0
                text22                             1B98     1B98       7E         0
                text21                             1FBC     1FBC       54         0
                text20                             2010     2010       50         0
                text19                             20BC     20BC       2E         0
                text18                             1DEC     1DEC       6C         0
                text17                             199A     199A       B0         0
                text16                             12D4     12D4      17A         0
                text15                             21A2     21A2        A         0
                text14                             2198     2198        A         0
                text13                              AD2      AD2      24E         0
                text12                             1C94     1C94       78         0
                text11                             159E     159E      128         0
                text10                             208E     208E       2E         0
                text9                              16C6     16C6      10C         0
                text8                              20EA     20EA       26         0
                text7                              1D0C     1D0C       74         0
                text6                              1D80     1D80       6C         0
                text5                              2060     2060       2E         0
                text4                              1AFA     1AFA       9E         0
                text3                              2152     2152       1A         0
                text2                              1F66     1F66       56         0
                text1                              1E58     1E58       60         0
                text0                              1146     1146      18E         0
                cinit                              1F10     1F10       56         0
                idataBANK0                         1C16     1C16       7D         0
                idataCOMRAM                        2184     2184       13         0

        CLASS   CONST          

        CLASS   SMALLCONST     
                smallconst                          600      600       12         0

        CLASS   MEDIUMCONST    

        CLASS   COMRAM         
                cstackCOMRAM                          1        1       58         1
                dataCOMRAM                           59       59       13         1
                bssCOMRAM                            6C       6C        D         1

        CLASS   ABS1           

        CLASS   BIGRAM         

        CLASS   RAM            

        CLASS   BANK0          
                dataBANK0                            80       80       7D         1

        CLASS   BANK1          

        CLASS   BANK2          

        CLASS   BANK3          

        CLASS   BANK4          

        CLASS   BANK5          

        CLASS   SFR            

        CLASS   CONFIG         
                config                           300000   300000        E         4

        CLASS   IDLOC          
                idloc                            200000   200000        8         5

        CLASS   EEDATA         

        CLASS   FARRAM         



SEGMENTS        Name                           Load    Length   Top    Selector   Space  Class

                reset_vec                      000000  000004  000004         0       0  CODE    
                cstackCOMRAM                   000001  000078  000079         1       1  COMRAM  
                dataBANK0                      000080  00007D  0000FD        80       1  BANK0   
                smallconst                     000600  000012  000612       300       0  SMALLCON
                text31                         000612  001681  001C93       309       0  CODE    
                text12                         001C94  000503  002197       E4A       0  CODE    
                text14                         002198  000014  0021AC      10CC       0  CODE    


UNUSED ADDRESS RANGES

        Name                Unused          Largest block    Delta
        BANK0            0000FD-0000FF                3
        BANK1            000100-0001FF              100
        BANK2            000200-0002FF              100
        BANK3            000300-0003FF              100
        BANK4            000400-0004FF              100
        BANK5            000500-0005FF              100
        BIGRAM           000079-00007F                7
                         0000FD-0005FF              503
        CODE             000004-0005FF              5FC
                         001C93-001C93                1
                         002197-002197                1
                         0021AC-007FFF             5E54
        COMRAM           000079-00007F                7
        CONST            000004-0005FF              5FC
                         001C93-001C93                1
                         002197-002197                1
                         0021AC-007FFF             5E54
        EEDATA           F00000-F000FF              100
        MEDIUMCONST      001C93-001C93                1
                         002197-002197                1
                         0021AC-007FFF             5E54
        RAM              0000FD-0005FF              100
        SFR              000F80-000FFF               80
        SMALLCONST       001C93-001C93                1
                         002197-002197                1
                         0021AC-007FFF              100
        STACK            0000FD-0005FF              503

                                  Symbol Table

?___aldiv                   cstackCOMRAM 000001
?___awdiv                   cstackCOMRAM 000001
?___awmod                   cstackCOMRAM 000001
?___fladd                   cstackCOMRAM 000001
?___lwdiv                   cstackCOMRAM 000001
?___wmul                    cstackCOMRAM 000001
?_kpRead                    cstackCOMRAM 000001
Delay2ms@i                  cstackCOMRAM 000002
Delay40us@i                 cstackCOMRAM 000001
_CCP1CON                    (abs)        000FBD
_CCPR1L                     (abs)        000FBE
_Delay2ms                   text23       002136
_Delay40us                  text24       00216C
_PORTA                      (abs)        000F80
_PORTB                      (abs)        000F81
_PORTC                      (abs)        000F82
_PORTD                      (abs)        000F83
_PORTE                      (abs)        000F84
_PORTEbits                  (abs)        000F84
_PR2                        (abs)        000FCB
_T2CON                      (abs)        000FCA
_TRISA                      (abs)        000F92
_TRISB                      (abs)        000F93
_TRISC                      (abs)        000F94
_TRISD                      (abs)        000F95
_TRISE                      (abs)        000F96
__HRAM                      (abs)        000000
__Habs1                     abs1         000000
__Hbank0                    bank0        000000
__Hbank1                    bank1        000000
__Hbank2                    bank2        000000
__Hbank3                    bank3        000000
__Hbank4                    bank4        000000
__Hbank5                    bank5        000000
__Hbigbss                   bigbss       000000
__Hbigdata                  bigdata      000000
__Hbigram                   bigram       000000
__Hbss                      bss          000000
__HbssCOMRAM                bssCOMRAM    000000
__Hcinit                    cinit        000000
__Hclrtext                  clrtext      000000
__Hcomram                   comram       000000
__Hconfig                   config       30000E
__Hconst                    const        000000
__HcstackCOMRAM             cstackCOMRAM 000000
__Hdata                     data         000000
__HdataBANK0                dataBANK0    000000
__HdataCOMRAM               dataCOMRAM   000000
__Heeprom_data              eeprom_data  000000
__Hfarbss                   farbss       000000
__Hfardata                  fardata      000000
__Hibigdata                 ibigdata     000000
__Hidata                    idata        000000
__HidataBANK0               idataBANK0   000000
__HidataCOMRAM              idataCOMRAM  000000
__Hidloc                    idloc        200008
__Hifardata                 ifardata     000000
__Hinit                     init         000004
__Hintcode                  intcode      000000
__Hintcode_body             intcode_body 000000
__Hintcodelo                intcodelo    000000
__Hintentry                 intentry     000000
__Hintret                   intret       000000
__Hintsave_regs             intsave_regs 000000
__Hirdata                   irdata       000000
__Hmediumconst              mediumconst  000000
__HnvFARRAM                 nvFARRAM     000000
__Hnvbit                    nvbit        000000
__Hnvrram                   nvrram       000000
__Hparam                    rparam       000000
__Hpowerup                  powerup      000000
__Hram                      ram          000000
__Hramtop                   ramtop       000600
__Hrbit                     rbit         000000
__Hrbss                     rbss         000000
__Hrdata                    rdata        000000
__Hreset_vec                reset_vec    000000
__Hrparam                   rparam       000000
__Hsfr                      sfr          000000
__Hsmallconst               smallconst   000612
__Hspace_0                  (abs)        0021AC
__Hspace_1                  (abs)        0000FD
__Hspace_2                  (abs)        000000
__Hspace_4                  (abs)        60000E
__Hstack                    stack        000000
__Hstruct                   struct       000000
__Htemp                     temp         000000
__Htext                     text         000000
__Htext0                    text0        000000
__Htext1                    text1        000000
__Htext10                   text10       000000
__Htext11                   text11       000000
__Htext12                   text12       000000
__Htext13                   text13       000000
__Htext14                   text14       000000
__Htext15                   text15       000000
__Htext16                   text16       000000
__Htext17                   text17       000000
__Htext18                   text18       000000
__Htext19                   text19       000000
__Htext2                    text2        000000
__Htext20                   text20       000000
__Htext21                   text21       000000
__Htext22                   text22       000000
__Htext23                   text23       000000
__Htext24                   text24       000000
__Htext25                   text25       000000
__Htext26                   text26       000000
__Htext27                   text27       000000
__Htext28                   text28       000000
__Htext29                   text29       000000
__Htext3                    text3        000000
__Htext30                   text30       000000
__Htext31                   text31       000000
__Htext32                   text32       000000
__Htext33                   text33       000000
__Htext4                    text4        000000
__Htext5                    text5        000000
__Htext6                    text6        000000
__Htext7                    text7        000000
__Htext8                    text8        000000
__Htext9                    text9        000000
__LRAM                      (abs)        000001
__Labs1                     abs1         000000
__Lbank0                    bank0        000000
__Lbank1                    bank1        000000
__Lbank2                    bank2        000000
__Lbank3                    bank3        000000
__Lbank4                    bank4        000000
__Lbank5                    bank5        000000
__Lbigbss                   bigbss       000000
__Lbigdata                  bigdata      000000
__Lbigram                   bigram       000000
__Lbss                      bss          000000
__LbssCOMRAM                bssCOMRAM    000000
__Lcinit                    cinit        000000
__Lclrtext                  clrtext      000000
__Lcomram                   comram       000000
__Lconfig                   config       000000
__Lconst                    const        000000
__LcstackCOMRAM             cstackCOMRAM 000000
__Ldata                     data         000000
__LdataBANK0                dataBANK0    000000
__LdataCOMRAM               dataCOMRAM   000000
__Leeprom_data              eeprom_data  000000
__Lfarbss                   farbss       000000
__Lfardata                  fardata      000000
__Libigdata                 ibigdata     000000
__Lidata                    idata        000000
__LidataBANK0               idataBANK0   000000
__LidataCOMRAM              idataCOMRAM  000000
__Lidloc                    idloc        000000
__Lifardata                 ifardata     000000
__Linit                     init         000000
__Lintcode                  intcode      000000
__Lintcode_body             intcode_body 000000
__Lintcodelo                intcodelo    000000
__Lintentry                 intentry     000000
__Lintret                   intret       000000
__Lintsave_regs             intsave_regs 000000
__Lirdata                   irdata       000000
__Lmediumconst              mediumconst  000000
__LnvFARRAM                 nvFARRAM     000000
__Lnvbit                    nvbit        000000
__Lnvrram                   nvrram       000000
__Lparam                    rparam       000000
__Lpowerup                  powerup      000000
__Lram                      ram          000000
__Lramtop                   ramtop       000600
__Lrbit                     rbit         000000
__Lrbss                     rbss         000000
__Lrdata                    rdata        000000
__Lreset_vec                reset_vec    000000
__Lrparam                   rparam       000000
__Lsfr                      sfr          000000
__Lsmallconst               smallconst   000600
__Lspace_0                  (abs)        000000
__Lspace_1                  (abs)        000000
__Lspace_2                  (abs)        000000
__Lspace_4                  (abs)        000000
__Lstack                    stack        000000
__Lstruct                   struct       000000
__Ltemp                     temp         000000
__Ltext                     text         000000
__Ltext0                    text0        000000
__Ltext1                    text1        000000
__Ltext10                   text10       000000
__Ltext11                   text11       000000
__Ltext12                   text12       000000
__Ltext13                   text13       000000
__Ltext14                   text14       000000
__Ltext15                   text15       000000
__Ltext16                   text16       000000
__Ltext17                   text17       000000
__Ltext18                   text18       000000
__Ltext19                   text19       000000
__Ltext2                    text2        000000
__Ltext20                   text20       000000
__Ltext21                   text21       000000
__Ltext22                   text22       000000
__Ltext23                   text23       000000
__Ltext24                   text24       000000
__Ltext25                   text25       000000
__Ltext26                   text26       000000
__Ltext27                   text27       000000
__Ltext28                   text28       000000
__Ltext29                   text29       000000
__Ltext3                    text3        000000
__Ltext30                   text30       000000
__Ltext31                   text31       000000
__Ltext32                   text32       000000
__Ltext33                   text33       000000
__Ltext4                    text4        000000
__Ltext5                    text5        000000
__Ltext6                    text6        000000
__Ltext7                    text7        000000
__Ltext8                    text8        000000
__Ltext9                    text9        000000
__S0                        (abs)        0021AC
__S1                        (abs)        0000FD
__S2                        (abs)        000000
__S4                        (abs)        000000
__S5                        (abs)        000000
___aldiv                    text9        0016C6
___aldiv@counter            cstackCOMRAM 000009
___aldiv@dividend           cstackCOMRAM 000001
___aldiv@divisor            cstackCOMRAM 000005
___aldiv@quotient           cstackCOMRAM 00000B
___aldiv@sign               cstackCOMRAM 00000A
___awdiv                    text33       0018D6
___awdiv@counter            cstackCOMRAM 000005
___awdiv@dividend           cstackCOMRAM 000001
___awdiv@divisor            cstackCOMRAM 000003
___awdiv@quotient           cstackCOMRAM 000007
___awdiv@sign               cstackCOMRAM 000006
___awmod                    text32       001A4A
___awmod@counter            cstackCOMRAM 000005
___awmod@dividend           cstackCOMRAM 000001
___awmod@divisor            cstackCOMRAM 000003
___awmod@sign               cstackCOMRAM 000006
___fladd                    text31       000612
___fladd@a                  cstackCOMRAM 000005
___fladd@aexp               cstackCOMRAM 00000E
___fladd@b                  cstackCOMRAM 000001
___fladd@bexp               cstackCOMRAM 00000F
___fladd@grs                cstackCOMRAM 000010
___fladd@signs              cstackCOMRAM 00000D
___flge                     text30       0017D2
___flge@ff1                 cstackCOMRAM 000001
___flge@ff2                 cstackCOMRAM 000005
___inthi_sp                 stack        000000
___intlo_sp                 stack        000000
___lwdiv                    text7        001D0C
___lwdiv@counter            cstackCOMRAM 000007
___lwdiv@dividend           cstackCOMRAM 000001
___lwdiv@divisor            cstackCOMRAM 000003
___lwdiv@quotient           cstackCOMRAM 000005
___param_bank               (abs)        000000
___rparam_used              (abs)        000001
___sp                       stack        000000
___wmul                     text29       002110
___wmul@multiplicand        cstackCOMRAM 000003
___wmul@multiplier          cstackCOMRAM 000001
___wmul@product             cstackCOMRAM 000005
__accesstop                 (abs)        000080
__activetblptr              (abs)        000002
__end_of_Delay2ms           text23       002152
__end_of_Delay40us          text24       002184
__end_of___aldiv            text9        0017D2
__end_of___awdiv            text33       00199A
__end_of___awmod            text32       001AFA
__end_of___fladd            text31       000AD2
__end_of___flge             text30       0018D6
__end_of___lwdiv            text7        001D80
__end_of___wmul             text29       002136
__end_of__initialization    cinit        001F5C
__end_of_cronometro         text25       001146
__end_of_delay              text19       0020EA
__end_of_digitalWrite       text27       000F6E
__end_of_iniciandoViajem    text20       002060
__end_of_introducao         text17       001A4A
__end_of_inverso            text10       0020BC
__end_of_kpDebounce         text16       00144E
__end_of_kpInit             text15       0021AC
__end_of_kpRead             text14       0021A2
__end_of_lcdCommand         text22       001C16
__end_of_lcdData            text21       002010
__end_of_lcdInit            text12       001D0C
__end_of_main               text0        0012D4
__end_of_opcoes             text11       0016C6
__end_of_paradaEmergencial  text4        001B98
__end_of_pinMode            text13       000D20
__end_of_pwmFrequency       text8        002110
__end_of_pwmInit            text3        00216C
__end_of_pwmSet             text6        001DEC
__end_of_shift              text18       001E58
__end_of_ssdDigit           text28       001F10
__end_of_ssdInit            text2        001FBC
__end_of_ssdUpdate          text26       00159E
__end_of_terminandoViajem   text1        001EB8
__end_of_valor@ssd$F439     smallconst   000611
__end_of_verso              text5        00208E
__initialization            cinit        001F10
__mediumconst               mediumconst  000000
__pbssCOMRAM                bssCOMRAM    00006C
__pcinit                    cinit        001F10
__pcstackCOMRAM             cstackCOMRAM 000001
__pdataBANK0                dataBANK0    000080
__pdataCOMRAM               dataCOMRAM   000059
__pidataBANK0               idataBANK0   001C16
__pidataCOMRAM              idataCOMRAM  002184
__psmallconst               smallconst   000600
__ptext0                    text0        001146
__ptext1                    text1        001E58
__ptext10                   text10       00208E
__ptext11                   text11       00159E
__ptext12                   text12       001C94
__ptext13                   text13       000AD2
__ptext14                   text14       002198
__ptext15                   text15       0021A2
__ptext16                   text16       0012D4
__ptext17                   text17       00199A
__ptext18                   text18       001DEC
__ptext19                   text19       0020BC
__ptext2                    text2        001F66
__ptext20                   text20       002010
__ptext21                   text21       001FBC
__ptext22                   text22       001B98
__ptext23                   text23       002136
__ptext24                   text24       00216C
__ptext25                   text25       000F6E
__ptext26                   text26       00144E
__ptext27                   text27       000D20
__ptext28                   text28       001EB8
__ptext29                   text29       002110
__ptext3                    text3        002152
__ptext30                   text30       0017D2
__ptext31                   text31       000612
__ptext32                   text32       001A4A
__ptext33                   text33       0018D6
__ptext4                    text4        001AFA
__ptext5                    text5        002060
__ptext6                    text6        001D80
__ptext7                    text7        001D0C
__ptext8                    text8        0020EA
__ptext9                    text9        0016C6
__ramtop                    ramtop       000600
__size_of_Delay2ms          (abs)        000000
__size_of_Delay40us         (abs)        000000
__size_of___aldiv           (abs)        000000
__size_of___awdiv           (abs)        000000
__size_of___awmod           (abs)        000000
__size_of___fladd           (abs)        000000
__size_of___flge            (abs)        000000
__size_of___lwdiv           (abs)        000000
__size_of___wmul            (abs)        000000
__size_of_cronometro        (abs)        000000
__size_of_delay             (abs)        000000
__size_of_digitalWrite      (abs)        000000
__size_of_iniciandoViajem   (abs)        000000
__size_of_introducao        (abs)        000000
__size_of_inverso           (abs)        000000
__size_of_kpDebounce        (abs)        000000
__size_of_kpInit            (abs)        000000
__size_of_kpRead            (abs)        000000
__size_of_lcdCommand        (abs)        000000
__size_of_lcdData           (abs)        000000
__size_of_lcdInit           (abs)        000000
__size_of_main              (abs)        000000
__size_of_opcoes            (abs)        000000
__size_of_paradaEmergencial (abs)        000000
__size_of_pinMode           (abs)        000000
__size_of_pwmFrequency      (abs)        000000
__size_of_pwmInit           (abs)        000000
__size_of_pwmSet            (abs)        000000
__size_of_shift             (abs)        000000
__size_of_ssdDigit          (abs)        000000
__size_of_ssdInit           (abs)        000000
__size_of_ssdUpdate         (abs)        000000
__size_of_terminandoViajem  (abs)        000000
__size_of_verso             (abs)        000000
__smallconst                smallconst   000600
_cronometro                 text25       000F6E
_delay                      text19       0020BC
_digitalWrite               text27       000D20
_display                    bssCOMRAM    000076
_i                          bssCOMRAM    000078
_iniciandoViajem            text20       002010
_introducao                 text17       00199A
_inverso                    text10       00208E
_kpDebounce                 text16       0012D4
_kpInit                     text15       0021A2
_kpRead                     text14       002198
_lcdCommand                 text22       001B98
_lcdData                    text21       001FBC
_lcdInit                    text12       001C94
_main                       text0        001146
_opcoes                     text11       00159E
_paradaEmergencial          text4        001AFA
_pinMode                    text13       000AD2
_pwmFrequency               text8        0020EA
_pwmInit                    text3        002152
_pwmSet                     text6        001D80
_shift                      text18       001DEC
_ssdDigit                   text28       001EB8
_ssdInit                    text2        001F66
_ssdUpdate                  text26       00144E
_terminandoViajem           text1        001E58
_v0                         bssCOMRAM    000075
_v1                         bssCOMRAM    000074
_v2                         bssCOMRAM    000073
_v3                         bssCOMRAM    000072
_valor                      bssCOMRAM    000070
_valor@ssd$F439             smallconst   000601
_verso                      text5        002060
cronometro@aux              cstackCOMRAM 000014
cronometro@cont             cstackCOMRAM 00001A
cronometro@temp             cstackCOMRAM 000011
cronometro@tempo            cstackCOMRAM 000016
delay@i                     cstackCOMRAM 000001
delay@j                     cstackCOMRAM 000002
digitalWrite@pin            cstackCOMRAM 000001
digitalWrite@value          cstackCOMRAM 000003
end_of_initialization       cinit        001F5C
iniciandoViajem@F2451       dataBANK0    0000F2
iniciandoViajem@text        cstackCOMRAM 000009
intlevel0                   text         000000
intlevel1                   text         000000
intlevel2                   text         000000
intlevel3                   text         000000
introducao@F2437            dataBANK0    0000DB
introducao@F2439            dataBANK0    0000B0
introducao@text             cstackCOMRAM 00001D
introducao@text2            cstackCOMRAM 00000D
inverso@k                   cstackCOMRAM 000003
inverso@x                   cstackCOMRAM 000004
isa$std                     (abs)        000001
isa$xinst                   (abs)        000000
kpDebounce@i                cstackCOMRAM 00000A
kpDebounce@j                cstackCOMRAM 000009
kpDebounce@k                cstackCOMRAM 000007
kpDebounce@old_D            cstackCOMRAM 000006
kpDebounce@tempo            bssCOMRAM    000077
kpDebounce@valorAntigo      bssCOMRAM    00006C
kpDebounce@valorNovo        bssCOMRAM    00006E
lcdCommand@cmd              cstackCOMRAM 000008
lcdCommand@old_D            cstackCOMRAM 000007
lcdData@old_D               cstackCOMRAM 000008
lcdData@valor               cstackCOMRAM 000007
main@F2472                  dataBANK0    000090
main@F2474                  dataBANK0    000080
main@fim                    cstackCOMRAM 000047
main@tecla                  cstackCOMRAM 000057
main@text                   cstackCOMRAM 000037
opcoes@F2442                dataBANK0    0000C0
opcoes@F2444                dataCOMRAM   000059
opcoes@F2446                dataCOMRAM   000063
opcoes@F2448                dataBANK0    0000CF
opcoes@text                 cstackCOMRAM 000009
opcoes@text1                cstackCOMRAM 000024
opcoes@text2                cstackCOMRAM 00002E
opcoes@text3                cstackCOMRAM 000018
paradaEmergencial@F2468     dataBANK0    0000A0
paradaEmergencial@text      cstackCOMRAM 000011
pinMode@pin                 cstackCOMRAM 000001
pinMode@type                cstackCOMRAM 000003
pwmFrequency@freq           cstackCOMRAM 00000F
pwmSet@porcento             cstackCOMRAM 00000A
pwmSet@val                  cstackCOMRAM 00000B
shift@op                    cstackCOMRAM 00000B
shift@t                     cstackCOMRAM 000009
ssdDigit@pos                cstackCOMRAM 000009
ssdDigit@val                cstackCOMRAM 00000A
stackhi                     (abs)        0005FF
stacklo                     (abs)        0000FD
start                       init         000000
start_initialization        cinit        001F10
terminandoViajem@F2454      dataBANK0    0000E7
terminandoViajem@text       cstackCOMRAM 000009
verso@k                     cstackCOMRAM 000003
verso@x                     cstackCOMRAM 000004


MODULE INFORMATION

Module		Function		Class		Link	Load	Size
ssd.c
		_ssdInit       		CODE           	1F66	0000	86
		_ssdDigit      		CODE           	1EB8	0000	88
		_ssdUpdate     		CODE           	144E	0000	336

ssd.c estimated size: 510

C:\Program Files\Microchip\xc8\v2.32\pic\sources\c99\common\awdiv.c
		___awdiv       		CODE           	18D6	0000	196

C:\Program Files\Microchip\xc8\v2.32\pic\sources\c99\common\awdiv.c estimated size: 196

C:\Program Files\Microchip\xc8\v2.32\pic\sources\c99\common\sprcadd.c
		___fladd       		CODE           	0612	0000	1216

C:\Program Files\Microchip\xc8\v2.32\pic\sources\c99\common\sprcadd.c estimated size: 1216

C:\Program Files\Microchip\xc8\v2.32\pic\sources\c99\common\aldiv.c
		___aldiv       		CODE           	16C6	0000	268

C:\Program Files\Microchip\xc8\v2.32\pic\sources\c99\common\aldiv.c estimated size: 268

keypad.c
		_kpInit        		CODE           	21A2	0000	10
		_kpDebounce    		CODE           	12D4	0000	378
		_kpRead        		CODE           	2198	0000	10

keypad.c estimated size: 398

io.c
		_digitalWrite  		CODE           	0D20	0000	590
		_pinMode       		CODE           	0AD2	0000	590

io.c estimated size: 1180

pwm.c
		_pwmInit       		CODE           	2152	0000	26
		_pwmFrequency  		CODE           	20EA	0000	38
		_pwmSet        		CODE           	1D80	0000	108

pwm.c estimated size: 172

C:\Program Files\Microchip\xc8\v2.32\pic\sources\c99\common\Umul16.c
		___wmul        		CODE           	2110	0000	38

C:\Program Files\Microchip\xc8\v2.32\pic\sources\c99\common\Umul16.c estimated size: 38

shared
		__initialization		CODE           	1F10	0000	76
		_valor@ssd$F439		SMALLCONST     	0601	0000	16

shared estimated size: 92

C:\Program Files\Microchip\xc8\v2.32\pic\sources\c99\common\awmod.c
		___awmod       		CODE           	1A4A	0000	176

C:\Program Files\Microchip\xc8\v2.32\pic\sources\c99\common\awmod.c estimated size: 176

C:\Program Files\Microchip\xc8\v2.32\pic\sources\c99\common\lwdiv.c
		___lwdiv       		CODE           	1D0C	0000	116

C:\Program Files\Microchip\xc8\v2.32\pic\sources\c99\common\lwdiv.c estimated size: 116

lcd.c
		_lcdCommand    		CODE           	1B98	0000	126
		_Delay40us     		CODE           	216C	0000	24
		_lcdInit       		CODE           	1C94	0000	120
		_lcdData       		CODE           	1FBC	0000	84
		_Delay2ms      		CODE           	2136	0000	28

lcd.c estimated size: 382

main.c
		_delay         		CODE           	20BC	0000	46
		_iniciandoViajem		CODE           	2010	0000	80
		_main          		CODE           	1146	0000	398
		_introducao    		CODE           	199A	0000	176
		_verso         		CODE           	2060	0000	46
		_opcoes        		CODE           	159E	0000	296
		_terminandoViajem		CODE           	1E58	0000	96
		_shift         		CODE           	1DEC	0000	108
		_inverso       		CODE           	208E	0000	46
		_paradaEmergencial		CODE           	1AFA	0000	158
		_cronometro    		CODE           	0F6E	0000	472

main.c estimated size: 1922

C:\Program Files\Microchip\xc8\v2.32\pic\sources\c99\common\flge.c
		___flge        		CODE           	17D2	0000	260

C:\Program Files\Microchip\xc8\v2.32\pic\sources\c99\common\flge.c estimated size: 260

